09:49:12 **** Incremental Build of configuration Debug for project projectstm ****
make -j12 all 
arm-none-eabi-size   projectstm.elf 
   text	   data	    bss	    dec	    hex	filename
  47564	    492	   3276	  51332	   c884	projectstm.elf
Finished building: default.size.stdout
 
13:43:40 **** Incremental Build of configuration Debug for project projectstm ****
make -j12 all 
arm-none-eabi-size   projectstm.elf 
   text	   data	    bss	    dec	    hex	filename
  47564	    492	   3276	  51332	   c884	projectstm.elf
Finished building: default.size.stdout
 
13:44:04 **** Incremental Build of configuration Debug for project projectstm ****
make -j12 all 
arm-none-eabi-size   projectstm.elf 
   text	   data	    bss	    dec	    hex	filename
  47564	    492	   3276	  51332	   c884	projectstm.elf
Finished building: default.size.stdout
 
